[02Mai2026 20:25:23.892] [main/INFO] [net.neoforged.fml.startup.Entrypoint/]: JVM Uptime at startup: 99ms
[02Mai2026 20:25:23.901] [main/INFO] [net.neoforged.fml.loading.FMLLoader/]: Starting FancyModLoader version 11.0.13 (CLIENT in DEV)
[02Mai2026 20:25:23.902] [main/INFO] [net.neoforged.fml.loading.FMLLoader/]: Game directory: C:\Users\Nils\Documents\Projekte\Wireless-Redstone\runs\client
[02Mai2026 20:25:23.918] [main/WARN] [net.neoforged.fml.loading.FMLConfig/CORE]: Configuration file C:\Users\Nils\Documents\Projekte\Wireless-Redstone\runs\client\config\fml.toml is not correct. Correcting
[02Mai2026 20:25:23.939] [main/INFO] [net.neoforged.fml.loading.EarlyServiceDiscovery/]: Found 2 early service jars (out of 111) in 15ms
[02Mai2026 20:25:23.939] [main/INFO] [net.neoforged.fml.loading.FMLLoader/]: Loading FML Early Services:
[02Mai2026 20:25:23.939] [main/INFO] [net.neoforged.fml.loading.FMLLoader/]:  - C:/Users/Nils/.gradle/caches/modules-2/files-2.1/net.neoforged.fancymodloader/loader/11.0.13/c9c89eaf35535990110088224d188748d81eaecf/loader-11.0.13.jar
[02Mai2026 20:25:23.939] [main/INFO] [net.neoforged.fml.loading.FMLLoader/]:  - C:/Users/Nils/.gradle/caches/modules-2/files-2.1/net.neoforged.fancymodloader/earlydisplay/11.0.13/491a1bedecb33802fa118cae384b60f91f6f0241/earlydisplay-11.0.13.jar
[02Mai2026 20:25:23.943] [main/INFO] [net.neoforged.fml.loading.ImmediateWindowHandler/]: Loading ImmediateWindowProvider fmlearlywindow
[02Mai2026 20:25:24.315] [ForkJoinPool.commonPool-worker-10/INFO] [net.neoforged.fml.loading.moddiscovery.locators.GameLocator/]: Detected a joined NeoForge and Minecraft configuration. Applying filtering...
[02Mai2026 20:25:24.355] [fml-loadingscreen/INFO] [net.neoforged.fml.earlydisplay.render.LoadingScreenRenderer/]: GL info: AMD Radeon RX 7900 XT GL version 3.3.0 Core Profile Context 26.3.1.260309, ATI Technologies Inc.
[02Mai2026 20:25:24.380] [ForkJoinPool.commonPool-worker-10/INFO] [net.neoforged.fml.loading.moddiscovery.locators.InDevFolderLocator/CORE]: Got mod coordinates Wireless-Redstone%%C:\Users\Nils\Documents\Projekte\Wireless-Redstone\build\resources\main;Wireless-Redstone%%C:\Users\Nils\Documents\Projekte\Wireless-Redstone\build\classes\java\main from env
[02Mai2026 20:25:24.482] [ForkJoinPool.commonPool-worker-10/WARN] [net.neoforged.jarjar.selection.JarSelector/]: Attempted to select a dependency jar for JarJar which was passed in as source: library:mixinextras.neoforge. Using jar(C:/Users/Nils/.gradle/caches/modules-2/files-2.1/io.github.llamalad7/mixinextras-neoforge/0.5.4/3cb0fec08c25e18fddf797fbdc1b9db83dc4e92f/mixinextras-neoforge-0.5.4.jar)
[02Mai2026 20:25:24.482] [ForkJoinPool.commonPool-worker-10/INFO] [net.neoforged.fml.loading.moddiscovery.locators.JarInJarDependencyLocator/]: Found 1 dependencies adding them to mods collection
[02Mai2026 20:25:24.485] [ForkJoinPool.commonPool-worker-10/INFO] [net.neoforged.fml.loading.moddiscovery.ModDiscoverer/]: 
     Mod List:
		Name Version (Mod Id)

		Minecraft 26.1.2 (minecraft)
		NeoForge 26.1.2.36-beta (neoforge)
		TC Redstone 0.0NONE (gircredstone)
[02Mai2026 20:25:24.622] [main/INFO] [mixin/]: SpongePowered MIXIN Subsystem Version=0.8.7 Source=file:/C:/Users/Nils/.gradle/caches/modules-2/files-2.1/net.fabricmc/sponge-mixin/0.17.3+mixin.0.8.7/41c4a3984a80f4679e759fb9f495587acc5cdac7/sponge-mixin-0.17.3+mixin.0.8.7.jar Service=FML Env=CLIENT
[02Mai2026 20:25:24.639] [main/INFO] [net.neoforged.fml.loading.FMLLoader/]: Loading FML Plugins:
[02Mai2026 20:25:24.640] [main/INFO] [net.neoforged.fml.loading.FMLLoader/]:  - C:/Users/Nils/.gradle/caches/modules-2/files-2.1/net.neoforged/neoforge/26.1.2.36-beta/1812796aefe46554e3f4f32062374971638dcb0c/neoforge-26.1.2.36-beta-universal.jar > net.neoforged.neoforge-coremods-26.1.2.36-beta.jar
[02Mai2026 20:25:24.694] [main/INFO] [net.neoforged.fml.loading.FMLLoader/]: Building game content classloader:
 - gircredstone (composite(folder(C:/Users/Nils/Documents/Projekte/Wireless-Redstone/build/resources/main), folder(C:/Users/Nils/Documents/Projekte/Wireless-Redstone/build/classes/java/main)))
 - minecraft (composite(filtered(jar(C:/Users/Nils/Documents/Projekte/Wireless-Redstone/.gradle/repositories/ng_dummy_ng/net/neoforged/neoforge/26.1.2.36-beta/neoforge-26.1.2.36-beta.jar)), filtered(jar(C:/Users/Nils/Documents/Projekte/Wireless-Redstone/.gradle/repositories/ng_dummy_ng/net/neoforged/neoforge/26.1.2.36-beta/neoforge-26.1.2.36-beta.jar))))
 - mixinextras.neoforge (jar(C:/Users/Nils/.gradle/caches/modules-2/files-2.1/io.github.llamalad7/mixinextras-neoforge/0.5.4/3cb0fec08c25e18fddf797fbdc1b9db83dc4e92f/mixinextras-neoforge-0.5.4.jar))
 - neoforge (composite(filtered(jar(C:/Users/Nils/.gradle/caches/modules-2/files-2.1/net.neoforged/neoforge/26.1.2.36-beta/1812796aefe46554e3f4f32062374971638dcb0c/neoforge-26.1.2.36-beta-universal.jar))))
 - net.neoforged.fml.generated (empty(VirtualJar/net.neoforged.fml.generated))
[02Mai2026 20:25:24.703] [main/INFO] [net.neoforged.fml.loading.FMLLoader/]: Built game content classloader in 15ms
[02Mai2026 20:25:25.458] [Datafixer Bootstrap/INFO] [com.mojang.datafixers.DataFixerBuilder/]: 294 Datafixer optimizations took 182 milliseconds
[02Mai2026 20:25:25.521] [pool-8-thread-1/INFO] [MixinExtras|Service/]: Initializing MixinExtras via com.llamalad7.mixinextras.service.MixinExtrasServiceImpl(version=0.5.4).
[02Mai2026 20:25:28.109] [main/WARN] [net.minecraft.commands.Commands/]: Ambiguity between arguments [teleport, location] and [teleport, destination] with inputs: [0.1 -0.5 .9, 0 0 0]
[02Mai2026 20:25:28.110] [main/WARN] [net.minecraft.commands.Commands/]: Ambiguity between arguments [teleport, location] and [teleport, targets] with inputs: [0.1 -0.5 .9, 0 0 0]
[02Mai2026 20:25:28.113] [main/WARN] [net.minecraft.commands.Commands/]: Ambiguity between arguments [teleport, destination] and [teleport, targets] with inputs: [Player, 0123, @e, dd12be42-52a9-4a91-a8a1-11c01849e498]
[02Mai2026 20:25:28.113] [main/WARN] [net.minecraft.commands.Commands/]: Ambiguity between arguments [teleport, targets] and [teleport, destination] with inputs: [Player, 0123, dd12be42-52a9-4a91-a8a1-11c01849e498]
[02Mai2026 20:25:28.114] [main/WARN] [net.minecraft.commands.Commands/]: Ambiguity between arguments [teleport, targets, location] and [teleport, targets, destination] with inputs: [0.1 -0.5 .9, 0 0 0]
[02Mai2026 20:25:28.115] [main/WARN] [net.minecraft.commands.Commands/]: Ambiguity between arguments [time, set, time] and [time, set, timemarker] with inputs: [0, 0s, 0d, 0t]
[02Mai2026 20:25:28.116] [main/WARN] [net.minecraft.commands.Commands/]: Ambiguity between arguments [time, set, timemarker] and [time, set, time] with inputs: [012]
[02Mai2026 20:25:28.116] [main/WARN] [net.minecraft.commands.Commands/]: Ambiguity between arguments [time, of, clock, set, time] and [time, of, clock, set, timemarker] with inputs: [0, 0s, 0d, 0t]
[02Mai2026 20:25:28.117] [main/WARN] [net.minecraft.commands.Commands/]: Ambiguity between arguments [time, of, clock, set, timemarker] and [time, of, clock, set, time] with inputs: [012]
[02Mai2026 20:25:28.118] [main/WARN] [net.minecraft.commands.Commands/]: Ambiguity between arguments [waypoint, modify, waypoint, color, reset] and [waypoint, modify, waypoint, color, color] with inputs: [reset]
[02Mai2026 20:25:28.158] [modloading-worker-0/INFO] [net.neoforged.neoforge.common.NeoForgeMod/NEOFORGE-MOD]: NeoForge mod loading, version 26.1.2.36-beta, for MC 26.1.2
[02Mai2026 20:25:28.487] [Render thread/INFO] [com.mojang.authlib.yggdrasil.YggdrasilAuthenticationService/]: Environment: Environment[sessionHost=https://sessionserver.mojang.com, servicesHost=https://api.minecraftservices.com, profilesHost=https://api.mojang.com, name=PROD]
[02Mai2026 20:25:28.511] [Render thread/INFO] [net.minecraft.client.Minecraft/]: Setting user: Dev
[02Mai2026 20:25:28.565] [Render thread/INFO] [net.minecraft.client.Minecraft/]: Backend library: LWJGL version 3.4.1+2
[02Mai2026 20:25:28.565] [Render thread/WARN] [net.minecraft.client.Minecraft/]: Detected unexpected shutdown during last game startup: resetting fullscreen mode
[02Mai2026 20:25:28.675] [Render thread/INFO] [net.minecraft.client.Minecraft/]: Using optional rendering extensions: GL_ARB_buffer_storage, GL_KHR_debug, GL_ARB_vertex_attrib_binding, GL_ARB_direct_state_access, GL_EXT_texture_filter_anisotropic
[02Mai2026 20:25:29.145] [Render thread/INFO] [net.minecraft.server.packs.resources.ReloadableResourceManager/]: Reloading ResourceManager: vanilla, mod_resources, mod/gircredstone, mod/neoforge
[02Mai2026 20:25:29.194] [resourceLoad/INFO] [net.minecraft.client.gui.font.providers.UnihexProvider/]: Found unifont_pua-16.0.03.hex, loading
[02Mai2026 20:25:29.195] [resourceLoad/INFO] [net.minecraft.client.gui.font.providers.UnihexProvider/]: Found unifont_all_no_pua-16.0.03.hex, loading
[02Mai2026 20:25:29.323] [resourceLoad/INFO] [net.minecraft.client.gui.font.providers.UnihexProvider/]: Found unifont_jp_patch-16.0.03.hex, loading
[02Mai2026 20:25:30.582] [Render thread/WARN] [net.minecraft.client.sounds.SoundEngine/]: Missing sound for event: minecraft:item.armor.equip_copper
[02Mai2026 20:25:30.582] [Render thread/WARN] [net.minecraft.client.sounds.SoundEngine/]: Missing sound for event: minecraft:item.armor.equip_nautilus
[02Mai2026 20:25:30.582] [Render thread/WARN] [net.minecraft.client.sounds.SoundEngine/]: Missing sound for event: minecraft:item.armor.unequip_nautilus
[02Mai2026 20:25:30.582] [Render thread/WARN] [net.minecraft.client.sounds.SoundEngine/]: Missing sound for event: minecraft:entity.baby_nautilus.ambient
[02Mai2026 20:25:30.582] [Render thread/WARN] [net.minecraft.client.sounds.SoundEngine/]: Missing sound for event: minecraft:entity.baby_nautilus.ambient_land
[02Mai2026 20:25:30.582] [Render thread/WARN] [net.minecraft.client.sounds.SoundEngine/]: Missing sound for event: minecraft:entity.baby_nautilus.death
[02Mai2026 20:25:30.582] [Render thread/WARN] [net.minecraft.client.sounds.SoundEngine/]: Missing sound for event: minecraft:entity.baby_nautilus.death_land
[02Mai2026 20:25:30.582] [Render thread/WARN] [net.minecraft.client.sounds.SoundEngine/]: Missing sound for event: minecraft:entity.baby_nautilus.eat
[02Mai2026 20:25:30.582] [Render thread/WARN] [net.minecraft.client.sounds.SoundEngine/]: Missing sound for event: minecraft:entity.baby_nautilus.hurt
[02Mai2026 20:25:30.582] [Render thread/WARN] [net.minecraft.client.sounds.SoundEngine/]: Missing sound for event: minecraft:entity.baby_nautilus.hurt_land
[02Mai2026 20:25:30.582] [Render thread/WARN] [net.minecraft.client.sounds.SoundEngine/]: Missing sound for event: minecraft:entity.nautilus.riding
[02Mai2026 20:25:30.582] [Render thread/WARN] [net.minecraft.client.sounds.SoundEngine/]: Missing sound for event: minecraft:entity.baby_nautilus.swim
[02Mai2026 20:25:30.582] [Render thread/WARN] [net.minecraft.client.sounds.SoundEngine/]: Missing sound for event: minecraft:entity.camel_husk.ambient
[02Mai2026 20:25:30.582] [Render thread/WARN] [net.minecraft.client.sounds.SoundEngine/]: Missing sound for event: minecraft:entity.camel_husk.dash
[02Mai2026 20:25:30.582] [Render thread/WARN] [net.minecraft.client.sounds.SoundEngine/]: Missing sound for event: minecraft:entity.camel_husk.dash_ready
[02Mai2026 20:25:30.582] [Render thread/WARN] [net.minecraft.client.sounds.SoundEngine/]: Missing sound for event: minecraft:entity.camel_husk.death
[02Mai2026 20:25:30.582] [Render thread/WARN] [net.minecraft.client.sounds.SoundEngine/]: Missing sound for event: minecraft:entity.camel_husk.eat
[02Mai2026 20:25:30.582] [Render thread/WARN] [net.minecraft.client.sounds.SoundEngine/]: Missing sound for event: minecraft:entity.camel_husk.hurt
[02Mai2026 20:25:30.582] [Render thread/WARN] [net.minecraft.client.sounds.SoundEngine/]: Missing sound for event: minecraft:entity.camel_husk.saddle
[02Mai2026 20:25:30.582] [Render thread/WARN] [net.minecraft.client.sounds.SoundEngine/]: Missing sound for event: minecraft:entity.camel_husk.sit
[02Mai2026 20:25:30.582] [Render thread/WARN] [net.minecraft.client.sounds.SoundEngine/]: Missing sound for event: minecraft:entity.camel_husk.stand
[02Mai2026 20:25:30.582] [Render thread/WARN] [net.minecraft.client.sounds.SoundEngine/]: Missing sound for event: minecraft:entity.camel_husk.step
[02Mai2026 20:25:30.582] [Render thread/WARN] [net.minecraft.client.sounds.SoundEngine/]: Missing sound for event: minecraft:entity.camel_husk.step_sand
[02Mai2026 20:25:30.582] [Render thread/WARN] [net.minecraft.client.sounds.SoundEngine/]: Missing sound for event: minecraft:entity.baby_cat.ambient
[02Mai2026 20:25:30.582] [Render thread/WARN] [net.minecraft.client.sounds.SoundEngine/]: Missing sound for event: minecraft:entity.baby_cat.stray_ambient
[02Mai2026 20:25:30.582] [Render thread/WARN] [net.minecraft.client.sounds.SoundEngine/]: Missing sound for event: minecraft:entity.baby_cat.death
[02Mai2026 20:25:30.582] [Render thread/WARN] [net.minecraft.client.sounds.SoundEngine/]: Missing sound for event: minecraft:entity.baby_cat.eat
[02Mai2026 20:25:30.582] [Render thread/WARN] [net.minecraft.client.sounds.SoundEngine/]: Missing sound for event: minecraft:entity.baby_cat.hiss
[02Mai2026 20:25:30.582] [Render thread/WARN] [net.minecraft.client.sounds.SoundEngine/]: Missing sound for event: minecraft:entity.baby_cat.beg_for_food
[02Mai2026 20:25:30.582] [Render thread/WARN] [net.minecraft.client.sounds.SoundEngine/]: Missing sound for event: minecraft:entity.baby_cat.hurt
[02Mai2026 20:25:30.582] [Render thread/WARN] [net.minecraft.client.sounds.SoundEngine/]: Missing sound for event: minecraft:entity.baby_cat.purr
[02Mai2026 20:25:30.582] [Render thread/WARN] [net.minecraft.client.sounds.SoundEngine/]: Missing sound for event: minecraft:entity.baby_cat.purreow
[02Mai2026 20:25:30.582] [Render thread/WARN] [net.minecraft.client.sounds.SoundEngine/]: Missing sound for event: minecraft:entity.cat_royal.ambient
[02Mai2026 20:25:30.582] [Render thread/WARN] [net.minecraft.client.sounds.SoundEngine/]: Missing sound for event: minecraft:entity.cat_royal.stray_ambient
[02Mai2026 20:25:30.582] [Render thread/WARN] [net.minecraft.client.sounds.SoundEngine/]: Missing sound for event: minecraft:entity.cat_royal.hiss
[02Mai2026 20:25:30.582] [Render thread/WARN] [net.minecraft.client.sounds.SoundEngine/]: Missing sound for event: minecraft:entity.cat_royal.hurt
[02Mai2026 20:25:30.582] [Render thread/WARN] [net.minecraft.client.sounds.SoundEngine/]: Missing sound for event: minecraft:entity.cat_royal.death
[02Mai2026 20:25:30.582] [Render thread/WARN] [net.minecraft.client.sounds.SoundEngine/]: Missing sound for event: minecraft:entity.cat_royal.eat
[02Mai2026 20:25:30.582] [Render thread/WARN] [net.minecraft.client.sounds.SoundEngine/]: Missing sound for event: minecraft:entity.cat_royal.beg_for_food
[02Mai2026 20:25:30.582] [Render thread/WARN] [net.minecraft.client.sounds.SoundEngine/]: Missing sound for event: minecraft:entity.cat_royal.purr
[02Mai2026 20:25:30.582] [Render thread/WARN] [net.minecraft.client.sounds.SoundEngine/]: Missing sound for event: minecraft:entity.cat_royal.purreow
[02Mai2026 20:25:30.583] [Render thread/WARN] [net.minecraft.client.sounds.SoundEngine/]: Missing sound for event: minecraft:entity.baby_chicken.ambient
[02Mai2026 20:25:30.583] [Render thread/WARN] [net.minecraft.client.sounds.SoundEngine/]: Missing sound for event: minecraft:entity.baby_chicken.death
[02Mai2026 20:25:30.583] [Render thread/WARN] [net.minecraft.client.sounds.SoundEngine/]: Missing sound for event: minecraft:entity.baby_chicken.hurt
[02Mai2026 20:25:30.583] [Render thread/WARN] [net.minecraft.client.sounds.SoundEngine/]: Missing sound for event: minecraft:entity.baby_chicken.step
[02Mai2026 20:25:30.583] [Render thread/WARN] [net.minecraft.client.sounds.SoundEngine/]: Missing sound for event: minecraft:entity.chicken_picky.ambient
[02Mai2026 20:25:30.583] [Render thread/WARN] [net.minecraft.client.sounds.SoundEngine/]: Missing sound for event: minecraft:entity.chicken_picky.hurt
[02Mai2026 20:25:30.583] [Render thread/WARN] [net.minecraft.client.sounds.SoundEngine/]: Missing sound for event: minecraft:entity.chicken_picky.death
[02Mai2026 20:25:30.583] [Render thread/WARN] [net.minecraft.client.sounds.SoundEngine/]: Missing sound for event: minecraft:block.copper_chest.close
[02Mai2026 20:25:30.583] [Render thread/WARN] [net.minecraft.client.sounds.SoundEngine/]: Missing sound for event: minecraft:block.copper_chest.open
[02Mai2026 20:25:30.583] [Render thread/WARN] [net.minecraft.client.sounds.SoundEngine/]: Missing sound for event: minecraft:block.copper_chest_weathered.close
[02Mai2026 20:25:30.583] [Render thread/WARN] [net.minecraft.client.sounds.SoundEngine/]: Missing sound for event: minecraft:block.copper_chest_weathered.open
[02Mai2026 20:25:30.583] [Render thread/WARN] [net.minecraft.client.sounds.SoundEngine/]: Missing sound for event: minecraft:block.copper_chest_oxidized.close
[02Mai2026 20:25:30.583] [Render thread/WARN] [net.minecraft.client.sounds.SoundEngine/]: Missing sound for event: minecraft:block.copper_chest_oxidized.open
[02Mai2026 20:25:30.583] [Render thread/WARN] [net.minecraft.client.sounds.SoundEngine/]: Missing sound for event: minecraft:entity.copper_golem.step
[02Mai2026 20:25:30.583] [Render thread/WARN] [net.minecraft.client.sounds.SoundEngine/]: Missing sound for event: minecraft:entity.copper_golem.hurt
[02Mai2026 20:25:30.583] [Render thread/WARN] [net.minecraft.client.sounds.SoundEngine/]: Missing sound for event: minecraft:entity.copper_golem.death
[02Mai2026 20:25:30.583] [Render thread/WARN] [net.minecraft.client.sounds.SoundEngine/]: Missing sound for event: minecraft:entity.copper_golem_weathered.step
[02Mai2026 20:25:30.583] [Render thread/WARN] [net.minecraft.client.sounds.SoundEngine/]: Missing sound for event: minecraft:entity.copper_golem_weathered.hurt
[02Mai2026 20:25:30.583] [Render thread/WARN] [net.minecraft.client.sounds.SoundEngine/]: Missing sound for event: minecraft:entity.copper_golem_weathered.death
[02Mai2026 20:25:30.583] [Render thread/WARN] [net.minecraft.client.sounds.SoundEngine/]: Missing sound for event: minecraft:entity.copper_golem_oxidized.step
[02Mai2026 20:25:30.583] [Render thread/WARN] [net.minecraft.client.sounds.SoundEngine/]: Missing sound for event: minecraft:entity.copper_golem_oxidized.hurt
[02Mai2026 20:25:30.583] [Render thread/WARN] [net.minecraft.client.sounds.SoundEngine/]: Missing sound for event: minecraft:entity.copper_golem_oxidized.death
[02Mai2026 20:25:30.583] [Render thread/WARN] [net.minecraft.client.sounds.SoundEngine/]: Missing sound for event: minecraft:entity.copper_golem.spin
[02Mai2026 20:25:30.583] [Render thread/WARN] [net.minecraft.client.sounds.SoundEngine/]: Missing sound for event: minecraft:entity.copper_golem_weathered.spin
[02Mai2026 20:25:30.583] [Render thread/WARN] [net.minecraft.client.sounds.SoundEngine/]: Missing sound for event: minecraft:entity.copper_golem_oxidized.spin
[02Mai2026 20:25:30.583] [Render thread/WARN] [net.minecraft.client.sounds.SoundEngine/]: Missing sound for event: minecraft:entity.copper_golem.no_item_get
[02Mai2026 20:25:30.583] [Render thread/WARN] [net.minecraft.client.sounds.SoundEngine/]: Missing sound for event: minecraft:entity.copper_golem.no_item_no_get
[02Mai2026 20:25:30.583] [Render thread/WARN] [net.minecraft.client.sounds.SoundEngine/]: Missing sound for event: minecraft:entity.copper_golem.item_drop
[02Mai2026 20:25:30.584] [Render thread/WARN] [net.minecraft.client.sounds.SoundEngine/]: Missing sound for event: minecraft:entity.copper_golem.item_no_drop
[02Mai2026 20:25:30.584] [Render thread/WARN] [net.minecraft.client.sounds.SoundEngine/]: Missing sound for event: minecraft:entity.copper_golem_become_statue
[02Mai2026 20:25:30.584] [Render thread/WARN] [net.minecraft.client.sounds.SoundEngine/]: Missing sound for event: minecraft:block.copper_golem_statue.break
[02Mai2026 20:25:30.584] [Render thread/WARN] [net.minecraft.client.sounds.SoundEngine/]: Missing sound for event: minecraft:block.copper_golem_statue.place
[02Mai2026 20:25:30.584] [Render thread/WARN] [net.minecraft.client.sounds.SoundEngine/]: Missing sound for event: minecraft:block.copper_golem_statue.hit
[02Mai2026 20:25:30.584] [Render thread/WARN] [net.minecraft.client.sounds.SoundEngine/]: Missing sound for event: minecraft:block.copper_golem_statue.step
[02Mai2026 20:25:30.584] [Render thread/WARN] [net.minecraft.client.sounds.SoundEngine/]: Missing sound for event: minecraft:block.copper_golem_statue.fall
[02Mai2026 20:25:30.584] [Render thread/WARN] [net.minecraft.client.sounds.SoundEngine/]: Missing sound for event: minecraft:entity.copper_golem.spawn
[02Mai2026 20:25:30.584] [Render thread/WARN] [net.minecraft.client.sounds.SoundEngine/]: Missing sound for event: minecraft:entity.copper_golem.shear
[02Mai2026 20:25:30.584] [Render thread/WARN] [net.minecraft.client.sounds.SoundEngine/]: Missing sound for event: minecraft:entity.cow_moody.ambient
[02Mai2026 20:25:30.584] [Render thread/WARN] [net.minecraft.client.sounds.SoundEngine/]: Missing sound for event: minecraft:entity.cow_moody.hurt
[02Mai2026 20:25:30.584] [Render thread/WARN] [net.minecraft.client.sounds.SoundEngine/]: Missing sound for event: minecraft:entity.cow_moody.death
[02Mai2026 20:25:30.584] [Render thread/WARN] [net.minecraft.client.sounds.SoundEngine/]: Missing sound for event: minecraft:entity.cow_moody.step
[02Mai2026 20:25:30.584] [Render thread/WARN] [net.minecraft.client.sounds.SoundEngine/]: Missing sound for event: minecraft:item.golden_dandelion.use
[02Mai2026 20:25:30.584] [Render thread/WARN] [net.minecraft.client.sounds.SoundEngine/]: Missing sound for event: minecraft:item.golden_dandelion.unuse
[02Mai2026 20:25:30.584] [Render thread/WARN] [net.minecraft.client.sounds.SoundEngine/]: Missing sound for event: minecraft:entity.baby_horse.ambient
[02Mai2026 20:25:30.584] [Render thread/WARN] [net.minecraft.client.sounds.SoundEngine/]: Missing sound for event: minecraft:entity.baby_horse.angry
[02Mai2026 20:25:30.584] [Render thread/WARN] [net.minecraft.client.sounds.SoundEngine/]: Missing sound for event: minecraft:entity.baby_horse.breathe
[02Mai2026 20:25:30.584] [Render thread/WARN] [net.minecraft.client.sounds.SoundEngine/]: Missing sound for event: minecraft:entity.baby_horse.death
[02Mai2026 20:25:30.584] [Render thread/WARN] [net.minecraft.client.sounds.SoundEngine/]: Missing sound for event: minecraft:entity.baby_horse.eat
[02Mai2026 20:25:30.584] [Render thread/WARN] [net.minecraft.client.sounds.SoundEngine/]: Missing sound for event: minecraft:entity.baby_horse.hurt
[02Mai2026 20:25:30.584] [Render thread/WARN] [net.minecraft.client.sounds.SoundEngine/]: Missing sound for event: minecraft:entity.baby_horse.land
[02Mai2026 20:25:30.584] [Render thread/WARN] [net.minecraft.client.sounds.SoundEngine/]: Missing sound for event: minecraft:entity.baby_horse.step
[02Mai2026 20:25:30.584] [Render thread/WARN] [net.minecraft.client.sounds.SoundEngine/]: Missing sound for event: minecraft:item.spear.lunge_1
[02Mai2026 20:25:30.584] [Render thread/WARN] [net.minecraft.client.sounds.SoundEngine/]: Missing sound for event: minecraft:item.spear.lunge_2
[02Mai2026 20:25:30.584] [Render thread/WARN] [net.minecraft.client.sounds.SoundEngine/]: Missing sound for event: minecraft:item.spear.lunge_3
[02Mai2026 20:25:30.584] [Render thread/WARN] [net.minecraft.client.sounds.SoundEngine/]: Missing sound for event: minecraft:entity.nautilus.ambient
[02Mai2026 20:25:30.584] [Render thread/WARN] [net.minecraft.client.sounds.SoundEngine/]: Missing sound for event: minecraft:entity.nautilus.ambient_land
[02Mai2026 20:25:30.584] [Render thread/WARN] [net.minecraft.client.sounds.SoundEngine/]: Missing sound for event: minecraft:entity.nautilus.dash
[02Mai2026 20:25:30.584] [Render thread/WARN] [net.minecraft.client.sounds.SoundEngine/]: Missing sound for event: minecraft:entity.nautilus.dash_land
[02Mai2026 20:25:30.584] [Render thread/WARN] [net.minecraft.client.sounds.SoundEngine/]: Missing sound for event: minecraft:entity.nautilus.dash_ready
[02Mai2026 20:25:30.584] [Render thread/WARN] [net.minecraft.client.sounds.SoundEngine/]: Missing sound for event: minecraft:entity.nautilus.dash_ready_land
[02Mai2026 20:25:30.584] [Render thread/WARN] [net.minecraft.client.sounds.SoundEngine/]: Missing sound for event: minecraft:entity.nautilus.death
[02Mai2026 20:25:30.584] [Render thread/WARN] [net.minecraft.client.sounds.SoundEngine/]: Missing sound for event: minecraft:entity.nautilus.death_land
[02Mai2026 20:25:30.584] [Render thread/WARN] [net.minecraft.client.sounds.SoundEngine/]: Missing sound for event: minecraft:entity.nautilus.eat
[02Mai2026 20:25:30.584] [Render thread/WARN] [net.minecraft.client.sounds.SoundEngine/]: Missing sound for event: minecraft:entity.nautilus.hurt
[02Mai2026 20:25:30.584] [Render thread/WARN] [net.minecraft.client.sounds.SoundEngine/]: Missing sound for event: minecraft:entity.nautilus.hurt_land
[02Mai2026 20:25:30.584] [Render thread/WARN] [net.minecraft.client.sounds.SoundEngine/]: Missing sound for event: minecraft:entity.nautilus.swim
[02Mai2026 20:25:30.584] [Render thread/WARN] [net.minecraft.client.sounds.SoundEngine/]: Missing sound for event: minecraft:block.note_block.trumpet
[02Mai2026 20:25:30.585] [Render thread/WARN] [net.minecraft.client.sounds.SoundEngine/]: Missing sound for event: minecraft:block.note_block.trumpet_exposed
[02Mai2026 20:25:30.585] [Render thread/WARN] [net.minecraft.client.sounds.SoundEngine/]: Missing sound for event: minecraft:block.note_block.trumpet_oxidized
[02Mai2026 20:25:30.585] [Render thread/WARN] [net.minecraft.client.sounds.SoundEngine/]: Missing sound for event: minecraft:block.note_block.trumpet_weathered
[02Mai2026 20:25:30.585] [Render thread/WARN] [net.minecraft.client.sounds.SoundEngine/]: Missing sound for event: minecraft:entity.parched.ambient
[02Mai2026 20:25:30.585] [Render thread/WARN] [net.minecraft.client.sounds.SoundEngine/]: Missing sound for event: minecraft:entity.parched.death
[02Mai2026 20:25:30.585] [Render thread/WARN] [net.minecraft.client.sounds.SoundEngine/]: Missing sound for event: minecraft:entity.parched.hurt
[02Mai2026 20:25:30.585] [Render thread/WARN] [net.minecraft.client.sounds.SoundEngine/]: Missing sound for event: minecraft:entity.parched.step
[02Mai2026 20:25:30.585] [Render thread/WARN] [net.minecraft.client.sounds.SoundEngine/]: Missing sound for event: minecraft:entity.parrot.imitate.camel_husk
[02Mai2026 20:25:30.585] [Render thread/WARN] [net.minecraft.client.sounds.SoundEngine/]: Missing sound for event: minecraft:entity.parrot.imitate.parched
[02Mai2026 20:25:30.585] [Render thread/WARN] [net.minecraft.client.sounds.SoundEngine/]: Missing sound for event: minecraft:entity.parrot.imitate.zombie_horse
[02Mai2026 20:25:30.585] [Render thread/WARN] [net.minecraft.client.sounds.SoundEngine/]: Missing sound for event: minecraft:entity.parrot.imitate.zombie_nautilus
[02Mai2026 20:25:30.585] [Render thread/WARN] [net.minecraft.client.sounds.SoundEngine/]: Missing sound for event: minecraft:entity.baby_pig.step
[02Mai2026 20:25:30.585] [Render thread/WARN] [net.minecraft.client.sounds.SoundEngine/]: Missing sound for event: minecraft:entity.baby_pig.ambient
[02Mai2026 20:25:30.585] [Render thread/WARN] [net.minecraft.client.sounds.SoundEngine/]: Missing sound for event: minecraft:entity.baby_pig.eat
[02Mai2026 20:25:30.585] [Render thread/WARN] [net.minecraft.client.sounds.SoundEngine/]: Missing sound for event: minecraft:entity.baby_pig.hurt
[02Mai2026 20:25:30.585] [Render thread/WARN] [net.minecraft.client.sounds.SoundEngine/]: Missing sound for event: minecraft:entity.baby_pig.death
[02Mai2026 20:25:30.585] [Render thread/WARN] [net.minecraft.client.sounds.SoundEngine/]: Missing sound for event: minecraft:entity.pig.eat
[02Mai2026 20:25:30.585] [Render thread/WARN] [net.minecraft.client.sounds.SoundEngine/]: Missing sound for event: minecraft:entity.pig_mini.ambient
[02Mai2026 20:25:30.585] [Render thread/WARN] [net.minecraft.client.sounds.SoundEngine/]: Missing sound for event: minecraft:entity.pig_mini.hurt
[02Mai2026 20:25:30.585] [Render thread/WARN] [net.minecraft.client.sounds.SoundEngine/]: Missing sound for event: minecraft:entity.pig_mini.death
[02Mai2026 20:25:30.585] [Render thread/WARN] [net.minecraft.client.sounds.SoundEngine/]: Missing sound for event: minecraft:entity.pig_mini.eat
[02Mai2026 20:25:30.585] [Render thread/WARN] [net.minecraft.client.sounds.SoundEngine/]: Missing sound for event: minecraft:entity.pig_big.ambient
[02Mai2026 20:25:30.585] [Render thread/WARN] [net.minecraft.client.sounds.SoundEngine/]: Missing sound for event: minecraft:entity.pig_big.hurt
[02Mai2026 20:25:30.585] [Render thread/WARN] [net.minecraft.client.sounds.SoundEngine/]: Missing sound for event: minecraft:entity.pig_big.death
[02Mai2026 20:25:30.585] [Render thread/WARN] [net.minecraft.client.sounds.SoundEngine/]: Missing sound for event: minecraft:entity.pig_big.eat
[02Mai2026 20:25:30.585] [Render thread/WARN] [net.minecraft.client.sounds.SoundEngine/]: Missing sound for event: minecraft:block.shelf.activate
[02Mai2026 20:25:30.585] [Render thread/WARN] [net.minecraft.client.sounds.SoundEngine/]: Missing sound for event: minecraft:block.shelf.break
[02Mai2026 20:25:30.585] [Render thread/WARN] [net.minecraft.client.sounds.SoundEngine/]: Missing sound for event: minecraft:block.shelf.deactivate
[02Mai2026 20:25:30.585] [Render thread/WARN] [net.minecraft.client.sounds.SoundEngine/]: Missing sound for event: minecraft:block.shelf.fall
[02Mai2026 20:25:30.585] [Render thread/WARN] [net.minecraft.client.sounds.SoundEngine/]: Missing sound for event: minecraft:block.shelf.hit
[02Mai2026 20:25:30.585] [Render thread/WARN] [net.minecraft.client.sounds.SoundEngine/]: Missing sound for event: minecraft:block.shelf.multi_swap
[02Mai2026 20:25:30.585] [Render thread/WARN] [net.minecraft.client.sounds.SoundEngine/]: Missing sound for event: minecraft:block.shelf.place
[02Mai2026 20:25:30.585] [Render thread/WARN] [net.minecraft.client.sounds.SoundEngine/]: Missing sound for event: minecraft:block.shelf.place_item
[02Mai2026 20:25:30.585] [Render thread/WARN] [net.minecraft.client.sounds.SoundEngine/]: Missing sound for event: minecraft:block.shelf.single_swap
[02Mai2026 20:25:30.585] [Render thread/WARN] [net.minecraft.client.sounds.SoundEngine/]: Missing sound for event: minecraft:block.shelf.step
[02Mai2026 20:25:30.585] [Render thread/WARN] [net.minecraft.client.sounds.SoundEngine/]: Missing sound for event: minecraft:block.shelf.take_item
[02Mai2026 20:25:30.585] [Render thread/WARN] [net.minecraft.client.sounds.SoundEngine/]: Missing sound for event: minecraft:item.spear.use
[02Mai2026 20:25:30.585] [Render thread/WARN] [net.minecraft.client.sounds.SoundEngine/]: Missing sound for event: minecraft:item.spear.hit
[02Mai2026 20:25:30.585] [Render thread/WARN] [net.minecraft.client.sounds.SoundEngine/]: Missing sound for event: minecraft:item.spear.attack
[02Mai2026 20:25:30.585] [Render thread/WARN] [net.minecraft.client.sounds.SoundEngine/]: Missing sound for event: minecraft:item.spear_wood.use
[02Mai2026 20:25:30.585] [Render thread/WARN] [net.minecraft.client.sounds.SoundEngine/]: Missing sound for event: minecraft:item.spear_wood.hit
[02Mai2026 20:25:30.585] [Render thread/WARN] [net.minecraft.client.sounds.SoundEngine/]: Missing sound for event: minecraft:item.spear_wood.attack
[02Mai2026 20:25:30.585] [Render thread/WARN] [net.minecraft.client.sounds.SoundEngine/]: Missing sound for event: minecraft:weather.end_flash
[02Mai2026 20:25:30.585] [Render thread/WARN] [net.minecraft.client.sounds.SoundEngine/]: Missing sound for event: minecraft:entity.baby_wolf.ambient
[02Mai2026 20:25:30.585] [Render thread/WARN] [net.minecraft.client.sounds.SoundEngine/]: Missing sound for event: minecraft:entity.baby_wolf.death
[02Mai2026 20:25:30.585] [Render thread/WARN] [net.minecraft.client.sounds.SoundEngine/]: Missing sound for event: minecraft:entity.baby_wolf.growl
[02Mai2026 20:25:30.585] [Render thread/WARN] [net.minecraft.client.sounds.SoundEngine/]: Missing sound for event: minecraft:entity.baby_wolf.hurt
[02Mai2026 20:25:30.585] [Render thread/WARN] [net.minecraft.client.sounds.SoundEngine/]: Missing sound for event: minecraft:entity.baby_wolf.pant
[02Mai2026 20:25:30.586] [Render thread/WARN] [net.minecraft.client.sounds.SoundEngine/]: Missing sound for event: minecraft:entity.baby_wolf.step
[02Mai2026 20:25:30.586] [Render thread/WARN] [net.minecraft.client.sounds.SoundEngine/]: Missing sound for event: minecraft:entity.baby_wolf.whine
[02Mai2026 20:25:30.586] [Render thread/WARN] [net.minecraft.client.sounds.SoundEngine/]: Missing sound for event: minecraft:entity.zombie_horse.angry
[02Mai2026 20:25:30.586] [Render thread/WARN] [net.minecraft.client.sounds.SoundEngine/]: Missing sound for event: minecraft:entity.zombie_horse.eat
[02Mai2026 20:25:30.586] [Render thread/WARN] [net.minecraft.client.sounds.SoundEngine/]: Missing sound for event: minecraft:entity.zombie_nautilus.ambient
[02Mai2026 20:25:30.586] [Render thread/WARN] [net.minecraft.client.sounds.SoundEngine/]: Missing sound for event: minecraft:entity.zombie_nautilus.ambient_land
[02Mai2026 20:25:30.586] [Render thread/WARN] [net.minecraft.client.sounds.SoundEngine/]: Missing sound for event: minecraft:entity.zombie_nautilus.dash
[02Mai2026 20:25:30.586] [Render thread/WARN] [net.minecraft.client.sounds.SoundEngine/]: Missing sound for event: minecraft:entity.zombie_nautilus.dash_land
[02Mai2026 20:25:30.586] [Render thread/WARN] [net.minecraft.client.sounds.SoundEngine/]: Missing sound for event: minecraft:entity.zombie_nautilus.dash_ready
[02Mai2026 20:25:30.586] [Render thread/WARN] [net.minecraft.client.sounds.SoundEngine/]: Missing sound for event: minecraft:entity.zombie_nautilus.dash_ready_land
[02Mai2026 20:25:30.586] [Render thread/WARN] [net.minecraft.client.sounds.SoundEngine/]: Missing sound for event: minecraft:entity.zombie_nautilus.death
[02Mai2026 20:25:30.586] [Render thread/WARN] [net.minecraft.client.sounds.SoundEngine/]: Missing sound for event: minecraft:entity.zombie_nautilus.death_land
[02Mai2026 20:25:30.586] [Render thread/WARN] [net.minecraft.client.sounds.SoundEngine/]: Missing sound for event: minecraft:entity.zombie_nautilus.eat
[02Mai2026 20:25:30.586] [Render thread/WARN] [net.minecraft.client.sounds.SoundEngine/]: Missing sound for event: minecraft:entity.zombie_nautilus.hurt
[02Mai2026 20:25:30.586] [Render thread/WARN] [net.minecraft.client.sounds.SoundEngine/]: Missing sound for event: minecraft:entity.zombie_nautilus.hurt_land
[02Mai2026 20:25:30.586] [Render thread/WARN] [net.minecraft.client.sounds.SoundEngine/]: Missing sound for event: minecraft:entity.zombie_nautilus.swim
[02Mai2026 20:25:30.586] [Render thread/WARN] [net.minecraft.client.sounds.SoundEngine/]: Missing sound for event: minecraft:item.nautilus_saddle_underwater_equip
[02Mai2026 20:25:30.586] [Render thread/WARN] [net.minecraft.client.sounds.SoundEngine/]: Missing sound for event: minecraft:item.nautilus_saddle_equip
[02Mai2026 20:25:30.610] [Render thread/INFO] [com.mojang.blaze3d.audio.Library/]: OpenAL initialized on device OpenAL Soft on Speakers (Realtek(R) Audio)
[02Mai2026 20:25:30.612] [Render thread/INFO] [net.minecraft.client.sounds.SoundEngine/SOUNDS]: Sound engine started
[02Mai2026 20:25:30.613] [Render thread/INFO] [net.minecraft.client.renderer.texture.TextureAtlas/]: Created: 512x256x0 minecraft:textures/atlas/particles.png-atlas
[02Mai2026 20:25:30.620] [Render thread/INFO] [net.minecraft.client.renderer.texture.TextureAtlas/]: Created: 128x128x0 minecraft:textures/atlas/decorated_pot.png-atlas
[02Mai2026 20:25:30.621] [Render thread/INFO] [net.minecraft.client.renderer.texture.TextureAtlas/]: Created: 2048x1024x0 minecraft:textures/atlas/armor_trims.png-atlas
[02Mai2026 20:25:30.626] [Render thread/INFO] [net.minecraft.client.renderer.texture.TextureAtlas/]: Created: 512x256x0 minecraft:textures/atlas/paintings.png-atlas
[02Mai2026 20:25:30.626] [Render thread/INFO] [net.minecraft.client.renderer.texture.TextureAtlas/]: Created: 1024x512x0 minecraft:textures/atlas/shield_patterns.png-atlas
[02Mai2026 20:25:30.627] [Render thread/INFO] [net.minecraft.client.renderer.texture.TextureAtlas/]: Created: 2048x2048x4 minecraft:textures/atlas/blocks.png-atlas
[02Mai2026 20:25:30.650] [Render thread/INFO] [net.minecraft.client.renderer.texture.TextureAtlas/]: Created: 512x512x0 minecraft:textures/atlas/chest.png-atlas
[02Mai2026 20:25:30.651] [Render thread/INFO] [net.minecraft.client.renderer.texture.TextureAtlas/]: Created: 256x128x0 minecraft:textures/atlas/celestials.png-atlas
[02Mai2026 20:25:30.651] [Render thread/INFO] [net.minecraft.client.renderer.texture.TextureAtlas/]: Created: 1024x512x0 minecraft:textures/atlas/banner_patterns.png-atlas
[02Mai2026 20:25:30.653] [Render thread/INFO] [net.minecraft.client.renderer.texture.TextureAtlas/]: Created: 512x512x0 minecraft:textures/atlas/beds.png-atlas
[02Mai2026 20:25:30.655] [Render thread/INFO] [net.minecraft.client.renderer.texture.TextureAtlas/]: Created: 1024x512x0 minecraft:textures/atlas/items.png-atlas
[02Mai2026 20:25:30.669] [Render thread/INFO] [net.minecraft.client.renderer.texture.TextureAtlas/]: Created: 1024x1024x0 minecraft:textures/atlas/gui.png-atlas
[02Mai2026 20:25:30.679] [Render thread/INFO] [net.minecraft.client.renderer.texture.TextureAtlas/]: Created: 128x64x0 minecraft:textures/atlas/map_decorations.png-atlas
[02Mai2026 20:25:30.680] [Render thread/INFO] [net.minecraft.client.renderer.texture.TextureAtlas/]: Created: 512x256x0 minecraft:textures/atlas/signs.png-atlas
[02Mai2026 20:25:30.680] [Render thread/INFO] [net.minecraft.client.renderer.texture.TextureAtlas/]: Created: 512x512x0 minecraft:textures/atlas/shulker_boxes.png-atlas
[02Mai2026 20:25:30.753] [Render thread/INFO] [net.neoforged.neoforge.client.entity.animation.json.AnimationLoader/]: Loaded 0 entity animations
[02Mai2026 20:25:38.580] [Render thread/WARN] [net.neoforged.neoforge.common.CommonHooks/WP]: The following mods have version differences that were not resolved:
neoforge (version 21.11.42 -> 26.1.2.36-beta)
Things may not work well.
[02Mai2026 20:25:41.257] [Render thread/WARN] [net.neoforged.neoforge.common.CommonHooks/WP]: The following mods have version differences that were not resolved:
neoforge (version 21.11.42 -> 26.1.2.36-beta)
Things may not work well.
[02Mai2026 20:25:42.814] [Worker-Main-1/INFO] [net.minecraft.util.filefix.FileFixerUpper/]: Starting upgrade for world "New World"
[02Mai2026 20:25:42.868] [Worker-Main-1/INFO] [net.minecraft.util.worldupdate.UpgradeProgress/]: Upgrading progress: 2%
[02Mai2026 20:25:42.870] [Worker-Main-1/WARN] [net.minecraft.util.filefix.FileFixUtil/]: Failed to delete directory '/DIM1\data', as it's not empty. Content: [/DIM1\data\neoforge_data_attachments.dat]
[02Mai2026 20:25:42.870] [Worker-Main-1/WARN] [net.minecraft.util.filefix.FileFixUtil/]: Failed to delete directory '/DIM-1\data', as it's not empty. Content: [/DIM-1\data\neoforge_data_attachments.dat]
[02Mai2026 20:25:42.872] [Worker-Main-1/WARN] [net.minecraft.util.filefix.FileFixUtil/]: Failed to delete directory '/DIM-1', as it's not empty. Content: [/DIM-1\data]
[02Mai2026 20:25:42.872] [Worker-Main-1/WARN] [net.minecraft.util.filefix.FileFixUtil/]: Failed to delete directory '/DIM1', as it's not empty. Content: [/DIM1\data]
[02Mai2026 20:25:42.947] [Worker-Main-1/INFO] [net.minecraft.util.filefix.FileFixerUpper/]: File system capabilities: FileSystemCapabilities[atomicMove=true, hardLinks=true]
[02Mai2026 20:25:42.953] [Worker-Main-1/INFO] [net.minecraft.util.filefix.FileFixerUpper/]: Applying file structure changes for world "New World"
[02Mai2026 20:25:42.953] [Worker-Main-1/INFO] [net.minecraft.util.filefix.FileFixerUpper/]: Moving new hardlinked world to top level
[02Mai2026 20:25:42.954] [Worker-Main-1/INFO] [net.minecraft.util.filefix.FileFixerUpper/]: Start cleanup
[02Mai2026 20:25:42.955] [Worker-Main-1/INFO] [net.minecraft.util.filefix.FileFixerUpper/]: Moving out old world folder
[02Mai2026 20:25:42.955] [Worker-Main-1/INFO] [net.minecraft.util.filefix.FileFixerUpper/]: Moving in new world folder
[02Mai2026 20:25:42.957] [Worker-Main-1/INFO] [net.minecraft.util.filefix.FileFixerUpper/]: Done applying file structure changes for world "New World". Cleaning up outdated data...
[02Mai2026 20:25:42.964] [Worker-Main-1/INFO] [net.minecraft.util.filefix.FileFixerUpper/]: Upgrade done for world "New World"
[02Mai2026 20:25:45.522] [Render thread/INFO] [net.minecraft.world.item.crafting.RecipeManager/]: Loaded 1515 recipes
[02Mai2026 20:25:45.530] [Render thread/INFO] [net.minecraft.advancements.AdvancementTree/]: Loaded 1617 advancements
[02Mai2026 20:25:45.531] [Render thread/INFO] [net.neoforged.neoforge.common.crafting.RecipePriorityManager/]: Loaded 0 recipe priority overrides
[02Mai2026 20:25:45.627] [Server thread/INFO] [net.minecraft.client.server.IntegratedServer/]: Starting integrated minecraft server version 26.1.2
[02Mai2026 20:25:45.628] [Server thread/INFO] [net.minecraft.server.MinecraftServer/]: Generating keypair
[02Mai2026 20:25:45.862] [Server thread/INFO] [net.minecraft.server.level.progress.LoggingLevelLoadListener/]: Loading 0 persistent chunks...
[02Mai2026 20:25:45.862] [Server thread/INFO] [net.minecraft.server.level.progress.LoggingLevelLoadListener/]: Preparing spawn area: 16%
[02Mai2026 20:25:45.873] [Server thread/INFO] [net.minecraft.server.MinecraftServer/]: Saving chunks for level 'ServerLevel[New World]'/minecraft:overworld
[02Mai2026 20:25:45.882] [Server thread/INFO] [net.minecraft.server.MinecraftServer/]: Saving chunks for level 'ServerLevel[New World]'/minecraft:the_end
[02Mai2026 20:25:45.885] [Server thread/INFO] [net.minecraft.server.MinecraftServer/]: Saving chunks for level 'ServerLevel[New World]'/minecraft:the_nether
[02Mai2026 20:25:45.896] [Server thread/INFO] [net.minecraft.server.MinecraftServer/]: ThreadedAnvilChunkStorage (world): All chunks are saved
[02Mai2026 20:25:45.896] [Server thread/INFO] [net.minecraft.server.MinecraftServer/]: ThreadedAnvilChunkStorage (DIM1): All chunks are saved
[02Mai2026 20:25:45.896] [Server thread/INFO] [net.minecraft.server.MinecraftServer/]: ThreadedAnvilChunkStorage (DIM-1): All chunks are saved
[02Mai2026 20:25:45.896] [Server thread/INFO] [net.minecraft.server.MinecraftServer/]: ThreadedAnvilChunkStorage: All dimensions are saved
[02Mai2026 20:25:45.898] [Server thread/INFO] [net.neoforged.neoforge.server.permission.PermissionAPI/]: Successfully initialized permission handler neoforge:default_handler
[02Mai2026 20:25:46.217] [Server thread/INFO] [net.minecraft.server.level.progress.LoggingLevelLoadListener/]: Loading 49 chunks for player spawn...
[02Mai2026 20:25:46.350] [Server thread/INFO] [net.minecraft.server.level.progress.LoggingLevelLoadListener/]: Time elapsed: 488 ms
[02Mai2026 20:25:46.540] [Server thread/INFO] [net.minecraft.server.players.PlayerList/]: Dev[local:E:1d0d4e35] logged in with entity id 18 at (9.340402390934138, -60.0, 11.290295205012528)
[02Mai2026 20:25:46.576] [Server thread/INFO] [net.minecraft.server.MinecraftServer/]: Dev joined the game
[02Mai2026 20:25:46.664] [Server thread/INFO] [net.minecraft.client.server.IntegratedServer/]: Changing view distance to 12, from 10
[02Mai2026 20:25:46.666] [Server thread/INFO] [net.minecraft.client.server.IntegratedServer/]: Changing simulation distance to 12, from 0
[02Mai2026 20:25:46.669] [Render thread/WARN] [net.minecraft.client.multiplayer.ClientPacketListener/]: Ignoring chat session from Dev due to missing Services public key
[02Mai2026 20:25:46.673] [Render thread/INFO] [net.minecraft.advancements.AdvancementTree/]: Loaded 11 advancements
[02Mai2026 20:25:46.723] [Render thread/INFO] [net.minecraft.client.renderer.DynamicUniformStorage/]: Resizing Dynamic Transforms UBO, capacity limit of 2 reached during a single frame. New capacity will be 4.
[02Mai2026 20:25:46.754] [Render thread/INFO] [net.minecraft.client.renderer.DynamicUniformStorage/]: Resizing Dynamic Transforms UBO, capacity limit of 4 reached during a single frame. New capacity will be 8.
[02Mai2026 20:25:46.869] [Render thread/INFO] [net.minecraft.client.renderer.DynamicUniformStorage/]: Resizing Chunk Sections UBO, capacity limit of 2 reached during a single frame. New capacity will be 4.
[02Mai2026 20:25:46.891] [Render thread/INFO] [net.minecraft.client.renderer.DynamicUniformStorage/]: Resizing Chunk Sections UBO, capacity limit of 4 reached during a single frame. New capacity will be 8.
[02Mai2026 20:25:46.995] [Render thread/INFO] [net.minecraft.client.renderer.DynamicUniformStorage/]: Resizing Chunk Sections UBO, capacity limit of 8 reached during a single frame. New capacity will be 16.
[02Mai2026 20:25:47.055] [Render thread/INFO] [net.minecraft.client.renderer.DynamicUniformStorage/]: Resizing Chunk Sections UBO, capacity limit of 16 reached during a single frame. New capacity will be 32.
[02Mai2026 20:25:47.153] [Render thread/INFO] [net.minecraft.client.renderer.DynamicUniformStorage/]: Resizing Chunk Sections UBO, capacity limit of 32 reached during a single frame. New capacity will be 64.
[02Mai2026 20:25:47.462] [Render thread/INFO] [net.minecraft.client.renderer.DynamicUniformStorage/]: Resizing Chunk Sections UBO, capacity limit of 64 reached during a single frame. New capacity will be 128.
[02Mai2026 20:25:47.467] [Render thread/INFO] [net.minecraft.client.renderer.DynamicUniformStorage/]: Resizing Dynamic Transforms UBO, capacity limit of 8 reached during a single frame. New capacity will be 16.
[02Mai2026 20:25:47.612] [Render thread/INFO] [net.minecraft.client.renderer.DynamicUniformStorage/]: Resizing Chunk Sections UBO, capacity limit of 128 reached during a single frame. New capacity will be 256.
[02Mai2026 20:25:55.354] [Render thread/INFO] [net.minecraft.client.gui.components.ChatComponent/]: [System] [CHAT] Activated: true
[02Mai2026 20:25:55.708] [Render thread/INFO] [net.minecraft.client.gui.components.ChatComponent/]: [System] [CHAT] Linked to: {10, -60, 6}
[02Mai2026 20:25:55.708] [Render thread/INFO] [net.minecraft.client.gui.components.ChatComponent/]: [System] [CHAT] Activated: false
[02Mai2026 20:25:55.708] [Render thread/INFO] [net.minecraft.client.gui.components.ChatComponent/]: [System] [CHAT] Linked to: {10, -60, 6}
[02Mai2026 20:25:55.851] [Render thread/INFO] [net.minecraft.client.gui.components.ChatComponent/]: [System] [CHAT] Linked to: {10, -60, 6}
[02Mai2026 20:25:55.851] [Render thread/INFO] [net.minecraft.client.gui.components.ChatComponent/]: [System] [CHAT] Activated: true
[02Mai2026 20:25:55.851] [Render thread/INFO] [net.minecraft.client.gui.components.ChatComponent/]: [System] [CHAT] Linked to: {10, -60, 6}
[02Mai2026 20:25:56.357] [Render thread/INFO] [net.minecraft.client.gui.components.ChatComponent/]: [System] [CHAT] Activated: false
[02Mai2026 20:25:57.100] [Server thread/INFO] [net.minecraft.client.server.IntegratedServer/]: Saving and pausing game...
[02Mai2026 20:25:57.109] [Server thread/INFO] [net.minecraft.server.MinecraftServer/]: Saving chunks for level 'ServerLevel[New World]'/minecraft:overworld
[02Mai2026 20:25:57.118] [Server thread/INFO] [net.minecraft.server.MinecraftServer/]: Saving chunks for level 'ServerLevel[New World]'/minecraft:the_end
[02Mai2026 20:25:57.118] [Server thread/INFO] [net.minecraft.server.MinecraftServer/]: Saving chunks for level 'ServerLevel[New World]'/minecraft:the_nether
[02Mai2026 20:25:59.227] [Render thread/INFO] [net.minecraft.client.Minecraft/]: Stopping!
[02Mai2026 20:25:59.249] [Server thread/INFO] [net.minecraft.server.MinecraftServer/]: Stopping server
[02Mai2026 20:25:59.249] [Server thread/INFO] [net.minecraft.server.MinecraftServer/]: Saving players
[02Mai2026 20:25:59.255] [Server thread/INFO] [net.minecraft.server.network.ServerGamePacketListenerImpl/]: Dev lost connection: Disconnected
[02Mai2026 20:25:59.255] [Server thread/INFO] [net.minecraft.server.MinecraftServer/]: Dev left the game
[02Mai2026 20:25:59.261] [Server thread/INFO] [net.minecraft.server.network.ServerCommonPacketListenerImpl/]: Stopping singleplayer server as player logged out
[02Mai2026 20:25:59.261] [Server thread/INFO] [net.minecraft.server.MinecraftServer/]: Saving worlds
[02Mai2026 20:25:59.328] [Server thread/INFO] [net.minecraft.server.MinecraftServer/]: Saving chunks for level 'ServerLevel[New World]'/minecraft:overworld
[02Mai2026 20:25:59.359] [Server thread/INFO] [net.minecraft.server.MinecraftServer/]: Saving chunks for level 'ServerLevel[New World]'/minecraft:the_end
[02Mai2026 20:25:59.362] [Server thread/INFO] [net.minecraft.server.MinecraftServer/]: Saving chunks for level 'ServerLevel[New World]'/minecraft:the_nether
[02Mai2026 20:25:59.368] [Server thread/INFO] [net.minecraft.server.MinecraftServer/]: ThreadedAnvilChunkStorage (world): All chunks are saved
[02Mai2026 20:25:59.368] [Server thread/INFO] [net.minecraft.server.MinecraftServer/]: ThreadedAnvilChunkStorage (DIM1): All chunks are saved
[02Mai2026 20:25:59.368] [Server thread/INFO] [net.minecraft.server.MinecraftServer/]: ThreadedAnvilChunkStorage (DIM-1): All chunks are saved
[02Mai2026 20:25:59.368] [Server thread/INFO] [net.minecraft.server.MinecraftServer/]: ThreadedAnvilChunkStorage: All dimensions are saved
